#
# There is insufficient memory for the Java Runtime Environment to continue.
# Native memory allocation (malloc) failed to allocate 1048576 bytes. Error detail: AllocateHeap
# Possible reasons:
#   The system is out of physical RAM or swap space
#   This process is running with CompressedOops enabled, and the Java Heap may be blocking the growth of the native heap
# Possible solutions:
#   Reduce memory load on the system
#   Increase physical memory or swap space
#   Check if swap backing store is full
#   Decrease Java heap size (-Xmx/-Xms)
#   Decrease number of Java threads
#   Decrease Java thread stack sizes (-Xss)
#   Set larger code cache with -XX:ReservedCodeCacheSize=
#   JVM is running with Unscaled Compressed Oops mode in which the Java heap is
#     placed in the first 4GB address space. The Java Heap base address is the
#     maximum limit for the native heap growth. Please use -XX:HeapBaseMinAddress
#     to set the Java Heap base and to place the Java Heap above 4GB virtual address.
# This output file may be truncated or incomplete.
#
#  Out of Memory Error (allocation.cpp:44), pid=18388, tid=6988
#
# JRE version: OpenJDK Runtime Environment Temurin-21.0.10+7 (21.0.10+7) (build 21.0.10+7-LTS)
# Java VM: OpenJDK 64-Bit Server VM Temurin-21.0.10+7 (21.0.10+7-LTS, mixed mode, sharing, tiered, compressed oops, compressed class ptrs, parallel gc, windows-amd64)
# No core dump will be written. Minidumps are not enabled by default on client versions of Windows
#

---------------  S U M M A R Y ------------

Command Line: --add-modules=ALL-SYSTEM --add-opens=java.base/java.util=ALL-UNNAMED --add-opens=java.base/java.lang=ALL-UNNAMED --add-opens=java.base/sun.nio.fs=ALL-UNNAMED -Declipse.application=org.eclipse.jdt.ls.core.id1 -Dosgi.bundles.defaultStartLevel=4 -Declipse.product=org.eclipse.jdt.ls.core.product -Djava.import.generatesMetadataFilesAtProjectRoot=false -DDetectVMInstallationsJob.disabled=true -Dfile.encoding=utf8 -XX:+UseParallelGC -XX:GCTimeRatio=4 -XX:AdaptiveSizePolicyWeight=90 -Dsun.zip.disableMemoryMapping=true -Xmx2G -Xms100m -Xlog:disable -javaagent:c:\Users\vania\.vscode\extensions\redhat.java-1.54.0-win32-x64\lombok\lombok-1.18.39-4050.jar -XX:+HeapDumpOnOutOfMemoryError -XX:HeapDumpPath=c:\Users\vania\AppData\Roaming\Code\User\workspaceStorage\266229cd919dd3cd16b9eed83049e412\redhat.java -Daether.dependencyCollector.impl=bf c:\Users\vania\.vscode\extensions\redhat.java-1.54.0-win32-x64\server\plugins\org.eclipse.equinox.launcher_1.7.100.v20251111-0406.jar -configuration c:\Users\vania\AppData\Roaming\Code\User\globalStorage\redhat.java\1.54.0\config_win -data c:\Users\vania\AppData\Roaming\Code\User\workspaceStorage\266229cd919dd3cd16b9eed83049e412\redhat.java\jdt_ws --pipe=\\.\pipe\lsp-0ade8caa87a4c5bd7648fc0d670cb28e-sock

Host: AMD Ryzen 5 5600H with Radeon Graphics         , 12 cores, 7G,  Windows 11 , 64 bit Build 26100 (10.0.26100.8328)
Time: Sun Jun  7 21:08:17 2026 Hora oficial do Brasil elapsed time: 971.229785 seconds (0d 0h 16m 11s)

---------------  T H R E A D  ---------------

Current thread (0x0000024654b06f70):  JavaThread "Attach Listener" daemon [_thread_in_vm, id=6988, stack(0x000000c077700000,0x000000c077800000) (1024K)]

Stack: [0x000000c077700000,0x000000c077800000]
Native frames: (J=compiled Java code, j=interpreted, Vv=VM code, C=native code)
V  [jvm.dll+0x6d7a39]
V  [jvm.dll+0x8b4b26]
V  [jvm.dll+0x8b70de]
V  [jvm.dll+0x8b77c3]
V  [jvm.dll+0x284346]
V  [jvm.dll+0xc1277]
V  [jvm.dll+0x6d82e9]
V  [jvm.dll+0x1334a6]
V  [jvm.dll+0x3f857e]
V  [jvm.dll+0x85f59d]
V  [jvm.dll+0x6d626d]
C  [ucrtbase.dll+0x37b0]
C  [KERNEL32.DLL+0x2e957]
C  [ntdll.dll+0x427c]


---------------  P R O C E S S  ---------------

Threads class SMR info:
_java_thread_list=0x000002467447f050, length=42, elements={
0x0000024654a5eb10, 0x0000024654af4fb0, 0x0000024654af6b20, 0x0000024654b04000,
0x0000024654b06f70, 0x0000024654b05e00, 0x0000024654b0e810, 0x000002466c88d120,
0x000002466c8af7f0, 0x000002466cb1cb90, 0x000002466cb1d8b0, 0x000002466cb1d220,
0x000002466cb1f2f0, 0x000002466cb1df40, 0x000002466cb1e5d0, 0x000002466cb1f980,
0x000002466cb1ec60, 0x000002466cb20010, 0x0000024672601690, 0x0000024672602a40,
0x0000024672603df0, 0x0000024672603760, 0x0000024672600970, 0x0000024672604480,
0x0000024672601000, 0x0000024672607270, 0x0000024672605830, 0x0000024672607900,
0x0000024672606be0, 0x0000024672607f90, 0x0000024672606550, 0x0000024672605ec0,
0x0000024672604b10, 0x00000246726051a0, 0x00000246737b8f50, 0x00000246737bb020,
0x00000246737ba990, 0x00000246737b9c70, 0x00000246737bf1c0, 0x00000246737b8230,
0x00000246757fd0c0, 0x00000246757fdde0
}

Java Threads: ( => current thread )
  0x0000024654a5eb10 JavaThread "main"                              [_thread_blocked, id=11436, stack(0x000000c077000000,0x000000c077100000) (1024K)]
  0x0000024654af4fb0 JavaThread "Reference Handler"          daemon [_thread_blocked, id=17316, stack(0x000000c077400000,0x000000c077500000) (1024K)]
  0x0000024654af6b20 JavaThread "Finalizer"                  daemon [_thread_blocked, id=364, stack(0x000000c077500000,0x000000c077600000) (1024K)]
  0x0000024654b04000 JavaThread "Signal Dispatcher"          daemon [_thread_blocked, id=17524, stack(0x000000c077600000,0x000000c077700000) (1024K)]
=>0x0000024654b06f70 JavaThread "Attach Listener"            daemon [_thread_in_vm, id=6988, stack(0x000000c077700000,0x000000c077800000) (1024K)]
  0x0000024654b05e00 JavaThread "Service Thread"             daemon [_thread_blocked, id=18844, stack(0x000000c077800000,0x000000c077900000) (1024K)]
  0x0000024654b0e810 JavaThread "Monitor Deflation Thread"   daemon [_thread_blocked, id=9628, stack(0x000000c077900000,0x000000c077a00000) (1024K)]
  0x000002466c88d120 JavaThread "C2 CompilerThread0"         daemon [_thread_blocked, id=17336, stack(0x000000c077a00000,0x000000c077b00000) (1024K)]
  0x000002466c8af7f0 JavaThread "C1 CompilerThread0"         daemon [_thread_blocked, id=5112, stack(0x000000c077b00000,0x000000c077c00000) (1024K)]
  0x000002466cb1cb90 JavaThread "Common-Cleaner"             daemon [_thread_blocked, id=14300, stack(0x000000c077d00000,0x000000c077e00000) (1024K)]
  0x000002466cb1d8b0 JavaThread "Notification Thread"        daemon [_thread_blocked, id=8512, stack(0x000000c077e00000,0x000000c077f00000) (1024K)]
  0x000002466cb1d220 JavaThread "Active Thread: Equinox Container: 9dfb5f76-0be6-4944-94dd-b2a29f7660fb"        [_thread_blocked, id=13784, stack(0x000000c078600000,0x000000c078700000) (1024K)]
  0x000002466cb1f2f0 JavaThread "Refresh Thread: Equinox Container: 9dfb5f76-0be6-4944-94dd-b2a29f7660fb" daemon [_thread_blocked, id=19224, stack(0x000000c078500000,0x000000c078600000) (1024K)]
  0x000002466cb1df40 JavaThread "Framework Event Dispatcher: Equinox Container: 9dfb5f76-0be6-4944-94dd-b2a29f7660fb" daemon [_thread_blocked, id=16500, stack(0x000000c078700000,0x000000c078800000) (1024K)]
  0x000002466cb1e5d0 JavaThread "Start Level: Equinox Container: 9dfb5f76-0be6-4944-94dd-b2a29f7660fb" daemon [_thread_blocked, id=4252, stack(0x000000c078800000,0x000000c078900000) (1024K)]
  0x000002466cb1f980 JavaThread "Bundle File Closer"         daemon [_thread_blocked, id=16792, stack(0x000000c078c00000,0x000000c078d00000) (1024K)]
  0x000002466cb1ec60 JavaThread "SCR Component Actor"        daemon [_thread_blocked, id=9888, stack(0x000000c078900000,0x000000c078a00000) (1024K)]
  0x000002466cb20010 JavaThread "Worker-JM"                         [_thread_blocked, id=16528, stack(0x000000c078f00000,0x000000c079000000) (1024K)]
  0x0000024672601690 JavaThread "JNA Cleaner"                daemon [_thread_blocked, id=10856, stack(0x000000c079000000,0x000000c079100000) (1024K)]
  0x0000024672602a40 JavaThread "Java indexing"              daemon [_thread_blocked, id=5640, stack(0x000000c078e00000,0x000000c078f00000) (1024K)]
  0x0000024672603df0 JavaThread "Worker-2"                          [_thread_blocked, id=19468, stack(0x000000c079600000,0x000000c079700000) (1024K)]
  0x0000024672603760 JavaThread "Thread-1"                   daemon [_thread_in_native, id=8992, stack(0x000000c079800000,0x000000c079900000) (1024K)]
  0x0000024672600970 JavaThread "Thread-2"                   daemon [_thread_in_native, id=17192, stack(0x000000c079900000,0x000000c079a00000) (1024K)]
  0x0000024672604480 JavaThread "Thread-3"                   daemon [_thread_in_native, id=15820, stack(0x000000c079a00000,0x000000c079b00000) (1024K)]
  0x0000024672601000 JavaThread "Thread-4"                   daemon [_thread_in_native, id=4648, stack(0x000000c079b00000,0x000000c079c00000) (1024K)]
  0x0000024672607270 JavaThread "Thread-5"                   daemon [_thread_in_native, id=21052, stack(0x000000c079c00000,0x000000c079d00000) (1024K)]
  0x0000024672605830 JavaThread "Thread-6"                   daemon [_thread_in_native, id=11456, stack(0x000000c079d00000,0x000000c079e00000) (1024K)]
  0x0000024672607900 JavaThread "Thread-7"                   daemon [_thread_in_native, id=20792, stack(0x000000c079e00000,0x000000c079f00000) (1024K)]
  0x0000024672606be0 JavaThread "Thread-8"                   daemon [_thread_in_native, id=10008, stack(0x000000c079f00000,0x000000c07a000000) (1024K)]
  0x0000024672607f90 JavaThread "Thread-9"                   daemon [_thread_in_native, id=15692, stack(0x000000c07a000000,0x000000c07a100000) (1024K)]
  0x0000024672606550 JavaThread "Thread-10"                  daemon [_thread_in_native, id=20128, stack(0x000000c07a100000,0x000000c07a200000) (1024K)]
  0x0000024672605ec0 JavaThread "Thread-11"                  daemon [_thread_in_native, id=4524, stack(0x000000c07a200000,0x000000c07a300000) (1024K)]
  0x0000024672604b10 JavaThread "Thread-12"                  daemon [_thread_in_native, id=20576, stack(0x000000c07a300000,0x000000c07a400000) (1024K)]
  0x00000246726051a0 JavaThread "Thread-13"                  daemon [_thread_in_native, id=18716, stack(0x000000c07a400000,0x000000c07a500000) (1024K)]
  0x00000246737b8f50 JavaThread "pool-2-thread-1"                   [_thread_blocked, id=20864, stack(0x000000c07a500000,0x000000c07a600000) (1024K)]
  0x00000246737bb020 JavaThread "WorkspaceEventsHandler"            [_thread_blocked, id=19420, stack(0x000000c07a700000,0x000000c07a800000) (1024K)]
  0x00000246737ba990 JavaThread "pool-1-thread-1"                   [_thread_blocked, id=348, stack(0x000000c07a800000,0x000000c07a900000) (1024K)]
  0x00000246737b9c70 JavaThread "ForkJoinPool.commonPool-worker-1" daemon [_thread_blocked, id=20608, stack(0x000000c07a900000,0x000000c07aa00000) (1024K)]
  0x00000246737bf1c0 JavaThread "ForkJoinPool.commonPool-worker-6" daemon [_thread_blocked, id=4204, stack(0x000000c07ae00000,0x000000c07af00000) (1024K)]
  0x00000246737b8230 JavaThread "Cleaner-0"                  daemon [_thread_blocked, id=18904, stack(0x000000c079300000,0x000000c079400000) (1024K)]
  0x00000246757fd0c0 JavaThread "Worker-9"                          [_thread_blocked, id=20696, stack(0x000000c079500000,0x000000c079600000) (1024K)]
  0x00000246757fdde0 JavaThread "ForkJoinPool.commonPool-worker-14" daemon [_thread_blocked, id=9908, stack(0x000000c07b100000,0x000000c07b200000) (1024K)]
Total: 42

Other Threads:
  0x000002466c8810a0 VMThread "VM Thread"                           [id=18488, stack(0x000000c077300000,0x000000c077400000) (1024K)]
  0x000002466b3dca00 WatcherThread "VM Periodic Task Thread"        [id=19952, stack(0x000000c077200000,0x000000c077300000) (1024K)]
  0x0000024654a74ee0 WorkerThread "GC Thread#0"                     [id=9268, stack(0x000000c077100000,0x000000c077200000) (1024K)]
  0x0000024672905900 WorkerThread "GC Thread#1"                     [id=8312, stack(0x000000c077f00000,0x000000c078000000) (1024K)]
  0x000002467200f4d0 WorkerThread "GC Thread#2"                     [id=19596, stack(0x000000c078000000,0x000000c078100000) (1024K)]
  0x000002467200f880 WorkerThread "GC Thread#3"                     [id=18648, stack(0x000000c078100000,0x000000c078200000) (1024K)]
  0x0000024672552b90 WorkerThread "GC Thread#4"                     [id=19312, stack(0x000000c078200000,0x000000c078300000) (1024K)]
  0x0000024672799010 WorkerThread "GC Thread#5"                     [id=5164, stack(0x000000c078300000,0x000000c078400000) (1024K)]
  0x00000246727993c0 WorkerThread "GC Thread#6"                     [id=17396, stack(0x000000c078400000,0x000000c078500000) (1024K)]
  0x0000024672b982c0 WorkerThread "GC Thread#7"                     [id=19904, stack(0x000000c077c00000,0x000000c077d00000) (1024K)]
  0x0000024672d51de0 WorkerThread "GC Thread#8"                     [id=21240, stack(0x000000c078a00000,0x000000c078b00000) (1024K)]
  0x0000024672d52190 WorkerThread "GC Thread#9"                     [id=20296, stack(0x000000c078b00000,0x000000c078c00000) (1024K)]
Total: 12

Threads with active compile tasks:
Total: 0

VM state: not at safepoint (normal execution)

VM Mutex/Monitor currently owned by a thread: None

Heap address: 0x0000000080000000, size: 2048 MB, Compressed Oops mode: 32-bit

CDS archive(s) mapped at: [0x0000024600000000-0x0000024600ba0000-0x0000024600ba0000), size 12189696, SharedBaseAddress: 0x0000024600000000, ArchiveRelocationMode: 1.
Compressed class space mapped at: 0x0000024601000000-0x0000024641000000, reserved size: 1073741824
Narrow klass base: 0x0000024600000000, Narrow klass shift: 0, Narrow klass range: 0x100000000

GC Precious Log:
 CardTable entry size: 512
 CPUs: 12 total, 12 available
 Memory: 7532M
 Large Page Support: Disabled
 NUMA Support: Disabled
 Compressed Oops: Enabled (32-bit)
 Alignments: Space 512K, Generation 512K, Heap 2M
 Heap Min Capacity: 100M
 Heap Initial Capacity: 100M
 Heap Max Capacity: 2G
 Pre-touch: Disabled
 Parallel Workers: 10

Heap:
 PSYoungGen      total 2560K, used 1787K [0x00000000d5580000, 0x00000000d5900000, 0x0000000100000000)
  eden space 1536K, 91% used [0x00000000d5580000,0x00000000d56dee88,0x00000000d5700000)
  from space 1024K, 37% used [0x00000000d5780000,0x00000000d57e0000,0x00000000d5880000)
  to   space 512K, 0% used [0x00000000d5880000,0x00000000d5880000,0x00000000d5900000)
 ParOldGen       total 471552K, used 471378K [0x0000000080000000, 0x000000009cc80000, 0x00000000d5580000)
  object space 471552K, 99% used [0x0000000080000000,0x000000009cc54b78,0x000000009cc80000)
 Metaspace       used 73944K, committed 75584K, reserved 1179648K
  class space    used 7615K, committed 8320K, reserved 1048576K

Card table byte_map: [0x0000024654400000,0x0000024654810000] _byte_map_base: 0x0000024654000000

Marking Bits: (ParMarkBitMap*) 0x00007ffece8a3450
 Begin Bits: [0x0000024666f00000, 0x0000024668f00000)
 End Bits:   [0x0000024668f00000, 0x000002466af00000)

Polling page: 0x00000246528a0000

Metaspace:

Usage:
  Non-class:     64.77 MB used.
      Class:      7.44 MB used.
       Both:     72.21 MB used.

Virtual space:
  Non-class space:      128.00 MB reserved,      65.69 MB ( 51%) committed,  2 nodes.
      Class space:        1.00 GB reserved,       8.12 MB ( <1%) committed,  1 nodes.
             Both:        1.12 GB reserved,      73.81 MB (  6%) committed. 

Chunk freelists:
   Non-Class:  13.79 MB
       Class:  7.72 MB
        Both:  21.51 MB

MaxMetaspaceSize: unlimited
CompressedClassSpaceSize: 1.00 GB
Initial GC threshold: 21.00 MB
Current GC threshold: 97.31 MB
CDS: on
 - commit_granule_bytes: 65536.
 - commit_granule_words: 8192.
 - virtual_space_node_default_size: 8388608.
 - enlarge_chunks_in_place: 1.
 - use_allocation_guard: 0.


Internal statistics:

num_allocs_failed_limit: 9.
num_arena_births: 1526.
num_arena_deaths: 20.
num_vsnodes_births: 3.
num_vsnodes_deaths: 0.
num_space_committed: 1181.
num_space_uncommitted: 0.
num_chunks_returned_to_freelist: 32.
num_chunks_taken_from_freelist: 5154.
num_chunk_merges: 17.
num_chunk_splits: 3144.
num_chunks_enlarged: 1701.
num_inconsistent_stats: 0.

CodeHeap 'non-profiled nmethods': size=120000Kb used=13159Kb max_used=13159Kb free=106840Kb
 bounds [0x000002465f720000, 0x0000024660400000, 0x0000024666c50000]
CodeHeap 'profiled nmethods': size=120000Kb used=36374Kb max_used=36374Kb free=83625Kb
 bounds [0x0000024657c50000, 0x0000024659fe0000, 0x000002465f180000]
CodeHeap 'non-nmethods': size=5760Kb used=1468Kb max_used=1547Kb free=4291Kb
 bounds [0x000002465f180000, 0x000002465f3f0000, 0x000002465f720000]
CodeCache: size=245760Kb, used=51001Kb, max_used=51080Kb, free=194756Kb
 total_blobs=15535, nmethods=14749, adapters=689, full_count=0
Compilation: enabled, stopped_count=0, restarted_count=0

Compilation events (20 events):
Event: 621.400 Thread 0x000002466c8af7f0 15522       1       org.eclipse.core.internal.watson.ElementTree::getDataTree (5 bytes)
Event: 621.400 Thread 0x000002466c8af7f0 nmethod 15522 0x00000246603f9090 code [0x00000246603f9220, 0x00000246603f92e8]
Event: 621.401 Thread 0x000002466c8af7f0 15523       3       org.eclipse.core.internal.resources.SaveManager$$Lambda/0x0000024601844470::visitElement (35 bytes)
Event: 621.402 Thread 0x000002466c8af7f0 nmethod 15523 0x0000024659fd2890 code [0x0000024659fd2a40, 0x0000024659fd2bd8]
Event: 621.402 Thread 0x000002466c8af7f0 15524   !   3       org.eclipse.core.internal.resources.SaveManager::lambda$11 (132 bytes)
Event: 621.402 Thread 0x000002466c8af7f0 nmethod 15524 0x0000024659fd2c90 code [0x0000024659fd2ee0, 0x0000024659fd36d0]
Event: 621.402 Thread 0x000002466c8af7f0 15525       3       org.eclipse.core.internal.resources.MarkerManager::snap (11 bytes)
Event: 621.402 Thread 0x000002466c8af7f0 nmethod 15525 0x0000024659fd3c10 code [0x0000024659fd3dc0, 0x0000024659fd3f18]
Event: 621.404 Thread 0x000002466c88d120 15526       4       java.io.BufferedWriter::growIfNeeded (63 bytes)
Event: 621.405 Thread 0x000002466c88d120 nmethod 15526 0x00000246603f9390 code [0x00000246603f9520, 0x00000246603f95f8]
Event: 747.607 Thread 0x000002466c88d120 15527       4       java.lang.Thread::interrupted (7 bytes)
Event: 747.608 Thread 0x000002466c88d120 nmethod 15527 0x00000246603f9690 code [0x00000246603f9820, 0x00000246603f98d8]
Event: 826.746 Thread 0x000002466c8af7f0 15528   !   3       java.util.concurrent.locks.AbstractQueuedSynchronizer$ConditionObject::newConditionNode (78 bytes)
Event: 826.747 Thread 0x000002466c8af7f0 nmethod 15528 0x0000024659fd4010 code [0x0000024659fd4280, 0x0000024659fd4a60]
Event: 826.747 Thread 0x000002466c8af7f0 15529       3       java.util.concurrent.locks.AbstractQueuedSynchronizer$ConditionNode::<init> (5 bytes)
Event: 826.747 Thread 0x000002466c8af7f0 nmethod 15529 0x0000024659fd4d10 code [0x0000024659fd4ec0, 0x0000024659fd5088]
Event: 866.775 Thread 0x000002466c8af7f0 15531   !   3       java.util.concurrent.locks.AbstractQueuedSynchronizer::reacquire (64 bytes)
Event: 866.775 Thread 0x000002466c8af7f0 nmethod 15531 0x0000024659fd5190 code [0x0000024659fd5360, 0x0000024659fd56d0]
Event: 946.830 Thread 0x000002466c8af7f0 15532       3       java.util.concurrent.ThreadPoolExecutor::beforeExecute (1 bytes)
Event: 946.830 Thread 0x000002466c8af7f0 nmethod 15532 0x0000024659fd5890 code [0x0000024659fd5a20, 0x0000024659fd5b28]

GC Heap History (20 events):
Event: 466.325 GC heap before
{Heap before GC invocations=413 (full 3):
 PSYoungGen      total 5120K, used 4479K [0x00000000d5580000, 0x00000000d5c80000, 0x0000000100000000)
  eden space 2560K, 99% used [0x00000000d5580000,0x00000000d57ffff8,0x00000000d5800000)
  from space 2560K, 75% used [0x00000000d5800000,0x00000000d59e0000,0x00000000d5a80000)
  to   space 2048K, 0% used [0x00000000d5a80000,0x00000000d5a80000,0x00000000d5c80000)
 ParOldGen       total 461312K, used 460893K [0x0000000080000000, 0x000000009c280000, 0x00000000d5580000)
  object space 461312K, 99% used [0x0000000080000000,0x000000009c217478,0x000000009c280000)
 Metaspace       used 73628K, committed 75264K, reserved 1179648K
  class space    used 7582K, committed 8256K, reserved 1048576K
}
Event: 466.327 GC heap after
{Heap after GC invocations=413 (full 3):
 PSYoungGen      total 3584K, used 288K [0x00000000d5580000, 0x00000000d5b00000, 0x0000000100000000)
  eden space 3072K, 0% used [0x00000000d5580000,0x00000000d5580000,0x00000000d5880000)
  from space 512K, 56% used [0x00000000d5a80000,0x00000000d5ac8000,0x00000000d5b00000)
  to   space 1024K, 0% used [0x00000000d5900000,0x00000000d5900000,0x00000000d5a00000)
 ParOldGen       total 462848K, used 462776K [0x0000000080000000, 0x000000009c400000, 0x00000000d5580000)
  object space 462848K, 99% used [0x0000000080000000,0x000000009c3ee1d0,0x000000009c400000)
 Metaspace       used 73628K, committed 75264K, reserved 1179648K
  class space    used 7582K, committed 8256K, reserved 1048576K
}
Event: 473.294 GC heap before
{Heap before GC invocations=414 (full 3):
 PSYoungGen      total 3584K, used 3357K [0x00000000d5580000, 0x00000000d5b00000, 0x0000000100000000)
  eden space 3072K, 99% used [0x00000000d5580000,0x00000000d587f548,0x00000000d5880000)
  from space 512K, 56% used [0x00000000d5a80000,0x00000000d5ac8000,0x00000000d5b00000)
  to   space 1024K, 0% used [0x00000000d5900000,0x00000000d5900000,0x00000000d5a00000)
 ParOldGen       total 462848K, used 462776K [0x0000000080000000, 0x000000009c400000, 0x00000000d5580000)
  object space 462848K, 99% used [0x0000000080000000,0x000000009c3ee1d0,0x000000009c400000)
 Metaspace       used 73654K, committed 75264K, reserved 1179648K
  class space    used 7587K, committed 8256K, reserved 1048576K
}
Event: 473.295 GC heap after
{Heap after GC invocations=414 (full 3):
 PSYoungGen      total 4096K, used 912K [0x00000000d5580000, 0x00000000d5b80000, 0x0000000100000000)
  eden space 3072K, 0% used [0x00000000d5580000,0x00000000d5580000,0x00000000d5880000)
  from space 1024K, 89% used [0x00000000d5900000,0x00000000d59e4250,0x00000000d5a00000)
  to   space 1536K, 0% used [0x00000000d5a00000,0x00000000d5a00000,0x00000000d5b80000)
 ParOldGen       total 462848K, used 462840K [0x0000000080000000, 0x000000009c400000, 0x00000000d5580000)
  object space 462848K, 99% used [0x0000000080000000,0x000000009c3fe1d0,0x000000009c400000)
 Metaspace       used 73654K, committed 75264K, reserved 1179648K
  class space    used 7587K, committed 8256K, reserved 1048576K
}
Event: 473.303 GC heap before
{Heap before GC invocations=415 (full 3):
 PSYoungGen      total 4096K, used 3916K [0x00000000d5580000, 0x00000000d5b80000, 0x0000000100000000)
  eden space 3072K, 97% used [0x00000000d5580000,0x00000000d586f0a0,0x00000000d5880000)
  from space 1024K, 89% used [0x00000000d5900000,0x00000000d59e4250,0x00000000d5a00000)
  to   space 1536K, 0% used [0x00000000d5a00000,0x00000000d5a00000,0x00000000d5b80000)
 ParOldGen       total 462848K, used 462840K [0x0000000080000000, 0x000000009c400000, 0x00000000d5580000)
  object space 462848K, 99% used [0x0000000080000000,0x000000009c3fe1d0,0x000000009c400000)
 Metaspace       used 73658K, committed 75264K, reserved 1179648K
  class space    used 7587K, committed 8256K, reserved 1048576K
}
Event: 473.304 GC heap after
{Heap after GC invocations=415 (full 3):
 PSYoungGen      total 2048K, used 1533K [0x00000000d5580000, 0x00000000d6280000, 0x0000000100000000)
  eden space 512K, 0% used [0x00000000d5580000,0x00000000d5580000,0x00000000d5600000)
  from space 1536K, 99% used [0x00000000d5a00000,0x00000000d5b7f6f0,0x00000000d5b80000)
  to   space 4096K, 0% used [0x00000000d5600000,0x00000000d5600000,0x00000000d5a00000)
 ParOldGen       total 465920K, used 465576K [0x0000000080000000, 0x000000009c700000, 0x00000000d5580000)
  object space 465920K, 99% used [0x0000000080000000,0x000000009c6aa080,0x000000009c700000)
 Metaspace       used 73658K, committed 75264K, reserved 1179648K
  class space    used 7587K, committed 8256K, reserved 1048576K
}
Event: 473.305 GC heap before
{Heap before GC invocations=416 (full 3):
 PSYoungGen      total 2048K, used 2045K [0x00000000d5580000, 0x00000000d6280000, 0x0000000100000000)
  eden space 512K, 100% used [0x00000000d5580000,0x00000000d5600000,0x00000000d5600000)
  from space 1536K, 99% used [0x00000000d5a00000,0x00000000d5b7f6f0,0x00000000d5b80000)
  to   space 4096K, 0% used [0x00000000d5600000,0x00000000d5600000,0x00000000d5a00000)
 ParOldGen       total 465920K, used 465576K [0x0000000080000000, 0x000000009c700000, 0x00000000d5580000)
  object space 465920K, 99% used [0x0000000080000000,0x000000009c6aa080,0x000000009c700000)
 Metaspace       used 73658K, committed 75264K, reserved 1179648K
  class space    used 7587K, committed 8256K, reserved 1048576K
}
Event: 473.306 GC heap after
{Heap after GC invocations=416 (full 3):
 PSYoungGen      total 1024K, used 468K [0x00000000d5580000, 0x00000000d5a80000, 0x0000000100000000)
  eden space 512K, 0% used [0x00000000d5580000,0x00000000d5580000,0x00000000d5600000)
  from space 512K, 91% used [0x00000000d5600000,0x00000000d5675230,0x00000000d5680000)
  to   space 2048K, 0% used [0x00000000d5880000,0x00000000d5880000,0x00000000d5a80000)
 ParOldGen       total 467456K, used 467128K [0x0000000080000000, 0x000000009c880000, 0x00000000d5580000)
  object space 467456K, 99% used [0x0000000080000000,0x000000009c82e0b8,0x000000009c880000)
 Metaspace       used 73658K, committed 75264K, reserved 1179648K
  class space    used 7587K, committed 8256K, reserved 1048576K
}
Event: 473.308 GC heap before
{Heap before GC invocations=417 (full 3):
 PSYoungGen      total 1024K, used 980K [0x00000000d5580000, 0x00000000d5a80000, 0x0000000100000000)
  eden space 512K, 99% used [0x00000000d5580000,0x00000000d55fffe0,0x00000000d5600000)
  from space 512K, 91% used [0x00000000d5600000,0x00000000d5675230,0x00000000d5680000)
  to   space 2048K, 0% used [0x00000000d5880000,0x00000000d5880000,0x00000000d5a80000)
 ParOldGen       total 467456K, used 467128K [0x0000000080000000, 0x000000009c880000, 0x00000000d5580000)
  object space 467456K, 99% used [0x0000000080000000,0x000000009c82e0b8,0x000000009c880000)
 Metaspace       used 73658K, committed 75264K, reserved 1179648K
  class space    used 7587K, committed 8256K, reserved 1048576K
}
Event: 473.310 GC heap after
{Heap after GC invocations=417 (full 3):
 PSYoungGen      total 2048K, used 611K [0x00000000d5580000, 0x00000000d5980000, 0x0000000100000000)
  eden space 1024K, 0% used [0x00000000d5580000,0x00000000d5580000,0x00000000d5680000)
  from space 1024K, 59% used [0x00000000d5880000,0x00000000d5918fb0,0x00000000d5980000)
  to   space 1024K, 0% used [0x00000000d5780000,0x00000000d5780000,0x00000000d5880000)
 ParOldGen       total 467456K, used 467420K [0x0000000080000000, 0x000000009c880000, 0x00000000d5580000)
  object space 467456K, 99% used [0x0000000080000000,0x000000009c8772e8,0x000000009c880000)
 Metaspace       used 73658K, committed 75264K, reserved 1179648K
  class space    used 7587K, committed 8256K, reserved 1048576K
}
Event: 473.313 GC heap before
{Heap before GC invocations=418 (full 3):
 PSYoungGen      total 2048K, used 1626K [0x00000000d5580000, 0x00000000d5980000, 0x0000000100000000)
  eden space 1024K, 99% used [0x00000000d5580000,0x00000000d567dac8,0x00000000d5680000)
  from space 1024K, 59% used [0x00000000d5880000,0x00000000d5918fb0,0x00000000d5980000)
  to   space 1024K, 0% used [0x00000000d5780000,0x00000000d5780000,0x00000000d5880000)
 ParOldGen       total 467456K, used 467420K [0x0000000080000000, 0x000000009c880000, 0x00000000d5580000)
  object space 467456K, 99% used [0x0000000080000000,0x000000009c8772e8,0x000000009c880000)
 Metaspace       used 73658K, committed 75264K, reserved 1179648K
  class space    used 7587K, committed 8256K, reserved 1048576K
}
Event: 473.313 GC heap after
{Heap after GC invocations=418 (full 3):
 PSYoungGen      total 2560K, used 1015K [0x00000000d5580000, 0x00000000d5a00000, 0x0000000100000000)
  eden space 1536K, 0% used [0x00000000d5580000,0x00000000d5580000,0x00000000d5700000)
  from space 1024K, 99% used [0x00000000d5780000,0x00000000d587df90,0x00000000d5880000)
  to   space 1536K, 0% used [0x00000000d5880000,0x00000000d5880000,0x00000000d5a00000)
 ParOldGen       total 467968K, used 467870K [0x0000000080000000, 0x000000009c900000, 0x00000000d5580000)
  object space 467968K, 99% used [0x0000000080000000,0x000000009c8e7a48,0x000000009c900000)
 Metaspace       used 73658K, committed 75264K, reserved 1179648K
  class space    used 7587K, committed 8256K, reserved 1048576K
}
Event: 473.318 GC heap before
{Heap before GC invocations=419 (full 3):
 PSYoungGen      total 2560K, used 2551K [0x00000000d5580000, 0x00000000d5a00000, 0x0000000100000000)
  eden space 1536K, 100% used [0x00000000d5580000,0x00000000d5700000,0x00000000d5700000)
  from space 1024K, 99% used [0x00000000d5780000,0x00000000d587df90,0x00000000d5880000)
  to   space 1536K, 0% used [0x00000000d5880000,0x00000000d5880000,0x00000000d5a00000)
 ParOldGen       total 467968K, used 467870K [0x0000000080000000, 0x000000009c900000, 0x00000000d5580000)
  object space 467968K, 99% used [0x0000000080000000,0x000000009c8e7a48,0x000000009c900000)
 Metaspace       used 73658K, committed 75264K, reserved 1179648K
  class space    used 7587K, committed 8256K, reserved 1048576K
}
Event: 473.319 GC heap after
{Heap after GC invocations=419 (full 3):
 PSYoungGen      total 2560K, used 1512K [0x00000000d5580000, 0x00000000d5b80000, 0x0000000100000000)
  eden space 1024K, 0% used [0x00000000d5580000,0x00000000d5580000,0x00000000d5680000)
  from space 1536K, 98% used [0x00000000d5880000,0x00000000d59fa188,0x00000000d5a00000)
  to   space 2048K, 0% used [0x00000000d5680000,0x00000000d5680000,0x00000000d5880000)
 ParOldGen       total 468992K, used 468776K [0x0000000080000000, 0x000000009ca00000, 0x00000000d5580000)
  object space 468992K, 99% used [0x0000000080000000,0x000000009c9ca048,0x000000009ca00000)
 Metaspace       used 73658K, committed 75264K, reserved 1179648K
  class space    used 7587K, committed 8256K, reserved 1048576K
}
Event: 473.323 GC heap before
{Heap before GC invocations=420 (full 3):
 PSYoungGen      total 2560K, used 2536K [0x00000000d5580000, 0x00000000d5b80000, 0x0000000100000000)
  eden space 1024K, 100% used [0x00000000d5580000,0x00000000d5680000,0x00000000d5680000)
  from space 1536K, 98% used [0x00000000d5880000,0x00000000d59fa188,0x00000000d5a00000)
  to   space 2048K, 0% used [0x00000000d5680000,0x00000000d5680000,0x00000000d5880000)
 ParOldGen       total 468992K, used 468776K [0x0000000080000000, 0x000000009ca00000, 0x00000000d5580000)
  object space 468992K, 99% used [0x0000000080000000,0x000000009c9ca048,0x000000009ca00000)
 Metaspace       used 73658K, committed 75264K, reserved 1179648K
  class space    used 7587K, committed 8256K, reserved 1048576K
}
Event: 473.324 GC heap after
{Heap after GC invocations=420 (full 3):
 PSYoungGen      total 3072K, used 918K [0x00000000d5580000, 0x00000000d5a00000, 0x0000000100000000)
  eden space 1024K, 0% used [0x00000000d5580000,0x00000000d5580000,0x00000000d5680000)
  from space 2048K, 44% used [0x00000000d5680000,0x00000000d5765bf8,0x00000000d5880000)
  to   space 1536K, 0% used [0x00000000d5880000,0x00000000d5880000,0x00000000d5a00000)
 ParOldGen       total 470528K, used 470120K [0x0000000080000000, 0x000000009cb80000, 0x00000000d5580000)
  object space 470528K, 99% used [0x0000000080000000,0x000000009cb1a320,0x000000009cb80000)
 Metaspace       used 73658K, committed 75264K, reserved 1179648K
  class space    used 7587K, committed 8256K, reserved 1048576K
}
Event: 473.328 GC heap before
{Heap before GC invocations=421 (full 3):
 PSYoungGen      total 3072K, used 1942K [0x00000000d5580000, 0x00000000d5a00000, 0x0000000100000000)
  eden space 1024K, 100% used [0x00000000d5580000,0x00000000d5680000,0x00000000d5680000)
  from space 2048K, 44% used [0x00000000d5680000,0x00000000d5765bf8,0x00000000d5880000)
  to   space 1536K, 0% used [0x00000000d5880000,0x00000000d5880000,0x00000000d5a00000)
 ParOldGen       total 470528K, used 470120K [0x0000000080000000, 0x000000009cb80000, 0x00000000d5580000)
  object space 470528K, 99% used [0x0000000080000000,0x000000009cb1a320,0x000000009cb80000)
 Metaspace       used 73666K, committed 75264K, reserved 1179648K
  class space    used 7587K, committed 8256K, reserved 1048576K
}
Event: 473.329 GC heap after
{Heap after GC invocations=421 (full 3):
 PSYoungGen      total 2560K, used 608K [0x00000000d5580000, 0x00000000d5980000, 0x0000000100000000)
  eden space 1536K, 0% used [0x00000000d5580000,0x00000000d5580000,0x00000000d5700000)
  from space 1024K, 59% used [0x00000000d5880000,0x00000000d5918000,0x00000000d5980000)
  to   space 1024K, 0% used [0x00000000d5780000,0x00000000d5780000,0x00000000d5880000)
 ParOldGen       total 471040K, used 470908K [0x0000000080000000, 0x000000009cc00000, 0x00000000d5580000)
  object space 471040K, 99% used [0x0000000080000000,0x000000009cbdf108,0x000000009cc00000)
 Metaspace       used 73666K, committed 75264K, reserved 1179648K
  class space    used 7587K, committed 8256K, reserved 1048576K
}
Event: 621.367 GC heap before
{Heap before GC invocations=422 (full 3):
 PSYoungGen      total 2560K, used 2144K [0x00000000d5580000, 0x00000000d5980000, 0x0000000100000000)
  eden space 1536K, 100% used [0x00000000d5580000,0x00000000d5700000,0x00000000d5700000)
  from space 1024K, 59% used [0x00000000d5880000,0x00000000d5918000,0x00000000d5980000)
  to   space 1024K, 0% used [0x00000000d5780000,0x00000000d5780000,0x00000000d5880000)
 ParOldGen       total 471040K, used 470908K [0x0000000080000000, 0x000000009cc00000, 0x00000000d5580000)
  object space 471040K, 99% used [0x0000000080000000,0x000000009cbdf108,0x000000009cc00000)
 Metaspace       used 73746K, committed 75392K, reserved 1179648K
  class space    used 7600K, committed 8320K, reserved 1048576K
}
Event: 621.368 GC heap after
{Heap after GC invocations=422 (full 3):
 PSYoungGen      total 2560K, used 384K [0x00000000d5580000, 0x00000000d5900000, 0x0000000100000000)
  eden space 1536K, 0% used [0x00000000d5580000,0x00000000d5580000,0x00000000d5700000)
  from space 1024K, 37% used [0x00000000d5780000,0x00000000d57e0000,0x00000000d5880000)
  to   space 512K, 0% used [0x00000000d5880000,0x00000000d5880000,0x00000000d5900000)
 ParOldGen       total 471552K, used 471378K [0x0000000080000000, 0x000000009cc80000, 0x00000000d5580000)
  object space 471552K, 99% used [0x0000000080000000,0x000000009cc54b78,0x000000009cc80000)
 Metaspace       used 73746K, committed 75392K, reserved 1179648K
  class space    used 7600K, committed 8320K, reserved 1048576K
}

Dll operation events (10 events):
Event: 0.010 Loaded shared library c:\Users\vania\.vscode\extensions\redhat.java-1.54.0-win32-x64\jre\21.0.10-win32-x86_64\bin\java.dll
Event: 0.062 Loaded shared library c:\Users\vania\.vscode\extensions\redhat.java-1.54.0-win32-x64\jre\21.0.10-win32-x86_64\bin\zip.dll
Event: 0.079 Loaded shared library C:\Users\vania\.vscode\extensions\redhat.java-1.54.0-win32-x64\jre\21.0.10-win32-x86_64\bin\instrument.dll
Event: 0.085 Loaded shared library C:\Users\vania\.vscode\extensions\redhat.java-1.54.0-win32-x64\jre\21.0.10-win32-x86_64\bin\net.dll
Event: 0.087 Loaded shared library C:\Users\vania\.vscode\extensions\redhat.java-1.54.0-win32-x64\jre\21.0.10-win32-x86_64\bin\nio.dll
Event: 0.091 Loaded shared library C:\Users\vania\.vscode\extensions\redhat.java-1.54.0-win32-x64\jre\21.0.10-win32-x86_64\bin\zip.dll
Event: 0.106 Loaded shared library C:\Users\vania\.vscode\extensions\redhat.java-1.54.0-win32-x64\jre\21.0.10-win32-x86_64\bin\jimage.dll
Event: 0.163 Loaded shared library c:\Users\vania\.vscode\extensions\redhat.java-1.54.0-win32-x64\jre\21.0.10-win32-x86_64\bin\verify.dll
Event: 5.820 Loaded shared library C:\Users\vania\AppData\Roaming\Code\User\globalStorage\redhat.java\1.54.0\config_win\org.eclipse.equinox.launcher\org.eclipse.equinox.launcher.win32.win32.x86_64_1.3.0.v20260203-2149\eclipse_11919.dll
Event: 14.528 Loaded shared library C:\Users\vania\AppData\Local\Temp\jna-111974267\jna16994015231898906854.dll

Deoptimization events (20 events):
Event: 621.402 Thread 0x00000246757fd0c0 Uncommon trap: trap_request=0xffffff45 fr.pc=0x00000246603c0440 relative=0x0000000000000480
Event: 621.402 Thread 0x00000246757fd0c0 Uncommon trap: reason=unstable_if action=reinterpret pc=0x00000246603c0440 method=org.eclipse.core.internal.registry.ConfigurationElement.getAttributeAsIs(Ljava/lang/String;)Ljava/lang/String; @ 6 c2
Event: 621.402 Thread 0x00000246757fd0c0 DEOPT PACKING pc=0x00000246603c0440 sp=0x000000c0795fef80
Event: 621.402 Thread 0x00000246757fd0c0 DEOPT UNPACKING pc=0x000002465f1d3aa2 sp=0x000000c0795fef08 mode 2
Event: 621.404 Thread 0x00000246757fd0c0 Uncommon trap: trap_request=0xffffffde fr.pc=0x000002466001b188 relative=0x00000000000005a8
Event: 621.404 Thread 0x00000246757fd0c0 Uncommon trap: reason=class_check action=maybe_recompile pc=0x000002466001b188 method=java.io.InputStream.read([BII)I @ 15 c2
Event: 621.404 Thread 0x00000246757fd0c0 DEOPT PACKING pc=0x000002466001b188 sp=0x000000c0795fedf0
Event: 621.404 Thread 0x00000246757fd0c0 DEOPT UNPACKING pc=0x000002465f1d3aa2 sp=0x000000c0795fed88 mode 2
Event: 621.404 Thread 0x00000246757fd0c0 Uncommon trap: trap_request=0xffffffc6 fr.pc=0x000002465fe2c4d4 relative=0x00000000000034f4
Event: 621.404 Thread 0x00000246757fd0c0 Uncommon trap: reason=bimorphic_or_optimized_type_check action=maybe_recompile pc=0x000002465fe2c4d4 method=java.util.Properties.load0(Ljava/util/Properties$LineReader;)V @ 241 c2
Event: 621.404 Thread 0x00000246757fd0c0 DEOPT PACKING pc=0x000002465fe2c4d4 sp=0x000000c0795fef30
Event: 621.404 Thread 0x00000246757fd0c0 DEOPT UNPACKING pc=0x000002465f1d3aa2 sp=0x000000c0795fef30 mode 2
Event: 621.404 Thread 0x00000246757fd0c0 Uncommon trap: trap_request=0xffffffc6 fr.pc=0x000002465fd5a708 relative=0x0000000000005708
Event: 621.404 Thread 0x00000246757fd0c0 Uncommon trap: reason=bimorphic_or_optimized_type_check action=maybe_recompile pc=0x000002465fd5a708 method=java.util.Properties.load0(Ljava/util/Properties$LineReader;)V @ 241 c2
Event: 621.404 Thread 0x00000246757fd0c0 DEOPT PACKING pc=0x000002465fd5a708 sp=0x000000c0795fef10
Event: 621.404 Thread 0x00000246757fd0c0 DEOPT UNPACKING pc=0x000002465f1d3aa2 sp=0x000000c0795fef30 mode 2
Event: 621.404 Thread 0x00000246757fd0c0 Uncommon trap: trap_request=0xffffffde fr.pc=0x000002466001b188 relative=0x00000000000005a8
Event: 621.404 Thread 0x00000246757fd0c0 Uncommon trap: reason=class_check action=maybe_recompile pc=0x000002466001b188 method=java.io.InputStream.read([BII)I @ 15 c2
Event: 621.404 Thread 0x00000246757fd0c0 DEOPT PACKING pc=0x000002466001b188 sp=0x000000c0795fee30
Event: 621.404 Thread 0x00000246757fd0c0 DEOPT UNPACKING pc=0x000002465f1d3aa2 sp=0x000000c0795fedc8 mode 2

Classes loaded (20 events):
Event: 346.241 Loading class java/util/stream/Nodes$IntArrayNode done
Event: 346.241 Loading class java/util/stream/Nodes$IntFixedNodeBuilder done
Event: 346.241 Loading class java/util/stream/ReferencePipeline$4$1
Event: 346.241 Loading class java/util/stream/ReferencePipeline$4$1 done
Event: 621.362 Loading class java/util/stream/Nodes$CollectorTask$OfRef
Event: 621.362 Loading class java/util/stream/Nodes$CollectorTask
Event: 621.362 Loading class java/util/stream/Nodes$CollectorTask done
Event: 621.362 Loading class java/util/stream/Nodes$CollectorTask$OfRef done
Event: 621.364 Loading class java/util/function/LongFunction
Event: 621.365 Loading class java/util/function/LongFunction done
Event: 621.365 Loading class java/util/stream/Nodes$ConcNode
Event: 621.365 Loading class java/util/stream/Nodes$AbstractConcNode
Event: 621.365 Loading class java/util/stream/Nodes$AbstractConcNode done
Event: 621.365 Loading class java/util/stream/Nodes$ConcNode done
Event: 621.379 Loading class java/io/ObjectOutputStream$BlockDataOutputStream
Event: 621.379 Loading class java/io/ObjectOutputStream$BlockDataOutputStream done
Event: 621.379 Loading class java/io/ObjectOutputStream$HandleTable
Event: 621.379 Loading class java/io/ObjectOutputStream$HandleTable done
Event: 621.380 Loading class java/io/ObjectOutputStream$ReplaceTable
Event: 621.380 Loading class java/io/ObjectOutputStream$ReplaceTable done

Classes unloaded (10 events):
Event: 14.991 Thread 0x000002466c8810a0 Unloading class 0x00000246011a9400 'java/lang/invoke/LambdaForm$MH+0x00000246011a9400'
Event: 14.991 Thread 0x000002466c8810a0 Unloading class 0x00000246011a9000 'java/lang/invoke/LambdaForm$MH+0x00000246011a9000'
Event: 14.991 Thread 0x000002466c8810a0 Unloading class 0x00000246011a8c00 'java/lang/invoke/LambdaForm$MH+0x00000246011a8c00'
Event: 14.991 Thread 0x000002466c8810a0 Unloading class 0x00000246011a8800 'java/lang/invoke/LambdaForm$MH+0x00000246011a8800'
Event: 14.991 Thread 0x000002466c8810a0 Unloading class 0x00000246011a8400 'java/lang/invoke/LambdaForm$BMH+0x00000246011a8400'
Event: 14.991 Thread 0x000002466c8810a0 Unloading class 0x00000246011a8000 'java/lang/invoke/LambdaForm$DMH+0x00000246011a8000'
Event: 14.991 Thread 0x000002466c8810a0 Unloading class 0x00000246011a6c00 'java/lang/invoke/LambdaForm$DMH+0x00000246011a6c00'
Event: 23.670 Thread 0x000002466c8810a0 Unloading class 0x00000246016c9000 'java/lang/invoke/LambdaForm$DMH+0x00000246016c9000'
Event: 23.670 Thread 0x000002466c8810a0 Unloading class 0x00000246016c8400 'java/lang/invoke/LambdaForm$DMH+0x00000246016c8400'
Event: 23.670 Thread 0x000002466c8810a0 Unloading class 0x00000246016c8800 'java/lang/invoke/LambdaForm$DMH+0x00000246016c8800'

Classes redefined (0 events):
No events

Internal exceptions (20 events):
Event: 368.787 Thread 0x0000024672602a40 Implicit null exception at 0x000002465ffaae89 to 0x000002465ffab468
Event: 421.276 Thread 0x00000246737b95e0 Implicit null exception at 0x000002465ff6101e to 0x000002465ff6128c
Event: 421.324 Thread 0x00000246737b95e0 Implicit null exception at 0x000002465fd3e123 to 0x000002465fd3e4c0
Event: 421.404 Thread 0x00000246737b95e0 Exception <a 'java/lang/NoSuchMethodError'{0x00000000d5a2f810}: 'java.lang.Object java.lang.invoke.DirectMethodHandle$Holder.invokeStatic(java.lang.Object, java.lang.Object, int, java.lang.Object, java.lang.Object)'> (0x00000000d5a2f810) 
thrown [s\src\hotspot\share\interpreter\linkResolver.cpp, line 773]
Event: 421.553 Thread 0x00000246737b95e0 Implicit null exception at 0x000002465fbcddda to 0x000002465fbcde33
Event: 424.157 Thread 0x0000024672602a40 Exception <a 'sun/nio/fs/WindowsException'{0x00000000d562ebd0}> (0x00000000d562ebd0) 
thrown [s\src\hotspot\share\prims\jni.cpp, line 520]
Event: 424.351 Thread 0x0000024672602a40 Exception <a 'sun/nio/fs/WindowsException'{0x00000000d591fb08}> (0x00000000d591fb08) 
thrown [s\src\hotspot\share\prims\jni.cpp, line 520]
Event: 429.719 Thread 0x00000246757fca30 Exception <a 'java/lang/NoSuchMethodError'{0x00000000d568df38}: 'void java.lang.invoke.DirectMethodHandle$Holder.invokeVirtual(java.lang.Object, java.lang.Object, java.lang.Object, java.lang.Object, java.lang.Object)'> (0x00000000d568df38) 
thrown [s\src\hotspot\share\interpreter\linkResolver.cpp, line 773]
Event: 431.538 Thread 0x00000246737ba990 Exception <a 'java/lang/IncompatibleClassChangeError'{0x00000000d571f0d8}: Found class java.lang.Object, but interface was expected> (0x00000000d571f0d8) 
thrown [s\src\hotspot\share\interpreter\linkResolver.cpp, line 840]
Event: 441.364 Thread 0x00000246757fb680 Exception <a 'java/lang/ArrayIndexOutOfBoundsException'{0x00000000d560cc48}> (0x00000000d560cc48) 
thrown [s\src\hotspot\share\runtime\sharedRuntime.cpp, line 625]
Event: 443.924 Thread 0x0000024672602a40 Exception <a 'sun/nio/fs/WindowsException'{0x00000000d55c0fb0}> (0x00000000d55c0fb0) 
thrown [s\src\hotspot\share\prims\jni.cpp, line 520]
Event: 444.081 Thread 0x0000024672602a40 Exception <a 'sun/nio/fs/WindowsException'{0x00000000d57b97a8}> (0x00000000d57b97a8) 
thrown [s\src\hotspot\share\prims\jni.cpp, line 520]
Event: 447.587 Thread 0x0000024672602a40 Exception <a 'sun/nio/fs/WindowsException'{0x00000000d5651ab8}> (0x00000000d5651ab8) 
thrown [s\src\hotspot\share\prims\jni.cpp, line 520]
Event: 447.727 Thread 0x0000024672602a40 Exception <a 'sun/nio/fs/WindowsException'{0x00000000d5770538}> (0x00000000d5770538) 
thrown [s\src\hotspot\share\prims\jni.cpp, line 520]
Event: 458.124 Thread 0x00000246757fb680 Exception <a 'java/lang/NoSuchMethodError'{0x00000000d55aa888}: 'java.lang.Object java.lang.invoke.DirectMethodHandle$Holder.invokeStatic(java.lang.Object, int, java.lang.Object)'> (0x00000000d55aa888) 
thrown [s\src\hotspot\share\interpreter\linkResolver.cpp, line 773]
Event: 621.374 Thread 0x00000246757fd0c0 Exception <a 'sun/nio/fs/WindowsException'{0x00000000d55d9d30}> (0x00000000d55d9d30) 
thrown [s\src\hotspot\share\prims\jni.cpp, line 520]
Event: 621.374 Thread 0x00000246757fd0c0 Exception <a 'sun/nio/fs/WindowsException'{0x00000000d55da870}> (0x00000000d55da870) 
thrown [s\src\hotspot\share\prims\jni.cpp, line 520]
Event: 621.374 Thread 0x00000246757fd0c0 Implicit null exception at 0x000002465feb7c0a to 0x000002465feb7f7c
Event: 621.395 Thread 0x00000246757fd0c0 Exception <a 'java/lang/NoSuchMethodError'{0x00000000d5680710}: static [J.<clinit>()V> (0x00000000d5680710) 
thrown [s\src\hotspot\share\prims\jni.cpp, line 1111]
Event: 621.400 Thread 0x00000246757fd0c0 Exception <a 'java/lang/NoSuchMethodError'{0x00000000d56b19d0}: 'java.lang.Object java.lang.invoke.DirectMethodHandle$Holder.newInvokeSpecial(java.lang.Object, java.lang.Object, java.lang.Object, java.lang.Object, java.lang.Object, java.lang.Object, java.lang.Object, java.lang.Object)'> (0x00000000d56b19d0) 
thrown [s\src\hotspot\share\interpreter\linkResolver.cpp, line 773]

ZGC Phase Switch (0 events):
No events

VM Operations (20 events):
Event: 721.736 Executing non-safepoint VM operation: HandshakeAllThreads (HandshakeForDeflation)
Event: 721.736 Executing non-safepoint VM operation: HandshakeAllThreads (HandshakeForDeflation) done
Event: 721.736 Executing non-safepoint VM operation: RendezvousGCThreads
Event: 721.736 Executing non-safepoint VM operation: RendezvousGCThreads done
Event: 781.863 Executing non-safepoint VM operation: HandshakeAllThreads (HandshakeForDeflation)
Event: 781.863 Executing non-safepoint VM operation: HandshakeAllThreads (HandshakeForDeflation) done
Event: 781.863 Executing non-safepoint VM operation: RendezvousGCThreads
Event: 781.863 Executing non-safepoint VM operation: RendezvousGCThreads done
Event: 842.057 Executing non-safepoint VM operation: HandshakeAllThreads (HandshakeForDeflation)
Event: 842.057 Executing non-safepoint VM operation: HandshakeAllThreads (HandshakeForDeflation) done
Event: 842.058 Executing non-safepoint VM operation: RendezvousGCThreads
Event: 842.058 Executing non-safepoint VM operation: RendezvousGCThreads done
Event: 902.180 Executing non-safepoint VM operation: HandshakeAllThreads (HandshakeForDeflation)
Event: 902.180 Executing non-safepoint VM operation: HandshakeAllThreads (HandshakeForDeflation) done
Event: 902.180 Executing non-safepoint VM operation: RendezvousGCThreads
Event: 902.180 Executing non-safepoint VM operation: RendezvousGCThreads done
Event: 962.368 Executing non-safepoint VM operation: HandshakeAllThreads (HandshakeForDeflation)
Event: 962.368 Executing non-safepoint VM operation: HandshakeAllThreads (HandshakeForDeflation) done
Event: 962.368 Executing non-safepoint VM operation: RendezvousGCThreads
Event: 962.368 Executing non-safepoint VM operation: RendezvousGCThreads done

Memory protections (0 events):
No events

Nmethod flushes (20 events):
Event: 23.690 Thread 0x000002466c8810a0 flushing  nmethod 0x00000246584f8490
Event: 23.690 Thread 0x000002466c8810a0 flushing  nmethod 0x000002465850a010
Event: 23.690 Thread 0x000002466c8810a0 flushing  nmethod 0x000002465850a890
Event: 23.690 Thread 0x000002466c8810a0 flushing  nmethod 0x000002465850ae90
Event: 23.690 Thread 0x000002466c8810a0 flushing  nmethod 0x000002465850b590
Event: 23.690 Thread 0x000002466c8810a0 flushing  nmethod 0x000002465850f290
Event: 23.690 Thread 0x000002466c8810a0 flushing  nmethod 0x000002465851ad10
Event: 23.690 Thread 0x000002466c8810a0 flushing  nmethod 0x000002465851ee10
Event: 23.690 Thread 0x000002466c8810a0 flushing  nmethod 0x000002465852b910
Event: 23.690 Thread 0x000002466c8810a0 flushing  nmethod 0x000002465854bf10
Event: 23.690 Thread 0x000002466c8810a0 flushing  nmethod 0x000002465855ab10
Event: 23.690 Thread 0x000002466c8810a0 flushing  nmethod 0x00000246585c2210
Event: 23.690 Thread 0x000002466c8810a0 flushing  nmethod 0x00000246585c4490
Event: 23.690 Thread 0x000002466c8810a0 flushing  nmethod 0x00000246585c5d90
Event: 23.690 Thread 0x000002466c8810a0 flushing  nmethod 0x00000246585c8510
Event: 23.690 Thread 0x000002466c8810a0 flushing  nmethod 0x00000246585c8f10
Event: 23.690 Thread 0x000002466c8810a0 flushing  nmethod 0x00000246585c9390
Event: 23.690 Thread 0x000002466c8810a0 flushing  nmethod 0x00000246585c9790
Event: 23.690 Thread 0x000002466c8810a0 flushing  nmethod 0x00000246585ca190
Event: 23.690 Thread 0x000002466c8810a0 flushing  nmethod 0x00000246585d4510

Events (20 events):
Event: 446.804 Thread 0x0000024674e8fb80 Thread exited: 0x0000024674e8fb80
Event: 473.325 Thread 0x000002466c8af7f0 Thread added: 0x0000024674e8fb80
Event: 478.344 Thread 0x0000024674e8fb80 Thread exited: 0x0000024674e8fb80
Event: 507.683 Thread 0x00000246757fa960 Thread exited: 0x00000246757fa960
Event: 507.683 Thread 0x00000246737bd780 Thread exited: 0x00000246737bd780
Event: 507.683 Thread 0x00000246737bb6b0 Thread exited: 0x00000246737bb6b0
Event: 507.683 Thread 0x00000246726023b0 Thread exited: 0x00000246726023b0
Event: 507.683 Thread 0x0000024672601d20 Thread exited: 0x0000024672601d20
Event: 533.332 Thread 0x00000246757fb680 Thread exited: 0x00000246757fb680
Event: 593.348 Thread 0x00000246757fca30 Thread exited: 0x00000246757fca30
Event: 621.360 Thread 0x00000246757fd0c0 Thread added: 0x00000246753d5e90
Event: 621.366 Thread 0x00000246753d5e90 Thread exited: 0x00000246753d5e90
Event: 621.375 Thread 0x00000246757fd0c0 Thread added: 0x00000246753d3dc0
Event: 621.376 Thread 0x00000246753d3dc0 Thread exited: 0x00000246753d3dc0
Event: 653.360 Thread 0x00000246737beb30 Thread exited: 0x00000246737beb30
Event: 713.368 Thread 0x00000246737ba300 Thread exited: 0x00000246737ba300
Event: 773.380 Thread 0x00000246737b88c0 Thread exited: 0x00000246737b88c0
Event: 833.395 Thread 0x00000246737b95e0 Thread exited: 0x00000246737b95e0
Event: 893.402 Thread 0x00000246737be4a0 Thread exited: 0x00000246737be4a0
Event: 953.403 Thread 0x00000246757faff0 Thread exited: 0x00000246757faff0


Dynamic libraries:
0x00007ff752b60000 - 0x00007ff752b6e000 	c:\Users\vania\.vscode\extensions\redhat.java-1.54.0-win32-x64\jre\21.0.10-win32-x86_64\bin\java.exe
0x00007fff7aea0000 - 0x00007fff7b107000 	C:\WINDOWS\SYSTEM32\ntdll.dll
0x00007fff79dd0000 - 0x00007fff79e99000 	C:\WINDOWS\System32\KERNEL32.DLL
0x00007fff77990000 - 0x00007fff77d87000 	C:\WINDOWS\System32\KERNELBASE.dll
0x00007fff724a0000 - 0x00007fff72540000 	C:\WINDOWS\SYSTEM32\apphelp.dll
0x00007fff77f20000 - 0x00007fff7806b000 	C:\WINDOWS\System32\ucrtbase.dll
0x00007fff66430000 - 0x00007fff66448000 	c:\Users\vania\.vscode\extensions\redhat.java-1.54.0-win32-x64\jre\21.0.10-win32-x86_64\bin\jli.dll
0x00007fff58b80000 - 0x00007fff58b9e000 	c:\Users\vania\.vscode\extensions\redhat.java-1.54.0-win32-x64\jre\21.0.10-win32-x86_64\bin\VCRUNTIME140.dll
0x00007fff79720000 - 0x00007fff798e6000 	C:\WINDOWS\System32\USER32.dll
0x00007fff77d90000 - 0x00007fff77db7000 	C:\WINDOWS\System32\win32u.dll
0x00007fff57390000 - 0x00007fff57622000 	C:\WINDOWS\WinSxS\amd64_microsoft.windows.common-controls_6595b64144ccf1df_6.0.26100.8457_none_3e0b2faee331e92d\COMCTL32.dll
0x00007fff78ce0000 - 0x00007fff78d0b000 	C:\WINDOWS\System32\GDI32.dll
0x00007fff79670000 - 0x00007fff79719000 	C:\WINDOWS\System32\msvcrt.dll
0x00007fff78070000 - 0x00007fff7819c000 	C:\WINDOWS\System32\gdi32full.dll
0x00007fff77dc0000 - 0x00007fff77e63000 	C:\WINDOWS\System32\msvcp_win.dll
0x00007fff78d10000 - 0x00007fff78d42000 	C:\WINDOWS\System32\IMM32.DLL
0x00007fff66560000 - 0x00007fff6656c000 	c:\Users\vania\.vscode\extensions\redhat.java-1.54.0-win32-x64\jre\21.0.10-win32-x86_64\bin\vcruntime140_1.dll
0x00007fff3e180000 - 0x00007fff3e20d000 	c:\Users\vania\.vscode\extensions\redhat.java-1.54.0-win32-x64\jre\21.0.10-win32-x86_64\bin\msvcp140.dll
0x00007ffecdbe0000 - 0x00007ffece981000 	c:\Users\vania\.vscode\extensions\redhat.java-1.54.0-win32-x64\jre\21.0.10-win32-x86_64\bin\server\jvm.dll
0x00007fff78c20000 - 0x00007fff78cd6000 	C:\WINDOWS\System32\ADVAPI32.dll
0x00007fff7a000000 - 0x00007fff7a0a7000 	C:\WINDOWS\System32\sechost.dll
0x00007fff79cb0000 - 0x00007fff79dc8000 	C:\WINDOWS\System32\RPCRT4.dll
0x00007fff799f0000 - 0x00007fff79a70000 	C:\WINDOWS\System32\WS2_32.dll
0x00007fff77750000 - 0x00007fff777ae000 	C:\WINDOWS\SYSTEM32\POWRPROF.dll
0x00007fff6d6a0000 - 0x00007fff6d6d6000 	C:\WINDOWS\SYSTEM32\WINMM.dll
0x00007fff6ee50000 - 0x00007fff6ee5b000 	C:\WINDOWS\SYSTEM32\VERSION.dll
0x00007fff77730000 - 0x00007fff77744000 	C:\WINDOWS\SYSTEM32\UMPDC.dll
0x00007fff76640000 - 0x00007fff7665b000 	C:\WINDOWS\SYSTEM32\kernel.appcore.dll
0x00007fff58b70000 - 0x00007fff58b7a000 	c:\Users\vania\.vscode\extensions\redhat.java-1.54.0-win32-x64\jre\21.0.10-win32-x86_64\bin\jimage.dll
0x00007fff69d50000 - 0x00007fff69f92000 	C:\WINDOWS\SYSTEM32\DBGHELP.DLL
0x00007fff7aad0000 - 0x00007fff7ae53000 	C:\WINDOWS\System32\combase.dll
0x00007fff79b80000 - 0x00007fff79c59000 	C:\WINDOWS\System32\OLEAUT32.dll
0x00007fff42a40000 - 0x00007fff42a7b000 	C:\WINDOWS\SYSTEM32\dbgcore.DLL
0x00007fff77e70000 - 0x00007fff77f18000 	C:\WINDOWS\System32\bcryptPrimitives.dll
0x00007fff58b60000 - 0x00007fff58b6f000 	c:\Users\vania\.vscode\extensions\redhat.java-1.54.0-win32-x64\jre\21.0.10-win32-x86_64\bin\instrument.dll
0x00007fff48680000 - 0x00007fff486a0000 	c:\Users\vania\.vscode\extensions\redhat.java-1.54.0-win32-x64\jre\21.0.10-win32-x86_64\bin\java.dll
0x00007fff78ef0000 - 0x00007fff7965e000 	C:\WINDOWS\System32\SHELL32.dll
0x00007fff781a0000 - 0x00007fff78a0c000 	C:\WINDOWS\System32\windows.storage.dll
0x00007fff798f0000 - 0x00007fff799e6000 	C:\WINDOWS\System32\SHCORE.dll
0x00007fff79a80000 - 0x00007fff79ae6000 	C:\WINDOWS\System32\shlwapi.dll
0x00007fff777f0000 - 0x00007fff77819000 	C:\WINDOWS\SYSTEM32\profapi.dll
0x00007fff48660000 - 0x00007fff48678000 	c:\Users\vania\.vscode\extensions\redhat.java-1.54.0-win32-x64\jre\21.0.10-win32-x86_64\bin\zip.dll
0x00007fff48ba0000 - 0x00007fff48bb0000 	C:\Users\vania\.vscode\extensions\redhat.java-1.54.0-win32-x64\jre\21.0.10-win32-x86_64\bin\net.dll
0x00007fff72620000 - 0x00007fff72749000 	C:\WINDOWS\SYSTEM32\WINHTTP.dll
0x00007fff76bd0000 - 0x00007fff76c3c000 	C:\WINDOWS\system32\mswsock.dll
0x00007fff46ef0000 - 0x00007fff46f06000 	C:\Users\vania\.vscode\extensions\redhat.java-1.54.0-win32-x64\jre\21.0.10-win32-x86_64\bin\nio.dll
0x00007fff48650000 - 0x00007fff48660000 	c:\Users\vania\.vscode\extensions\redhat.java-1.54.0-win32-x64\jre\21.0.10-win32-x86_64\bin\verify.dll
0x00007fff447b0000 - 0x00007fff447f5000 	C:\Users\vania\AppData\Roaming\Code\User\globalStorage\redhat.java\1.54.0\config_win\org.eclipse.equinox.launcher\org.eclipse.equinox.launcher.win32.win32.x86_64_1.3.0.v20260203-2149\eclipse_11919.dll
0x00007fff7a5a0000 - 0x00007fff7a737000 	C:\WINDOWS\System32\ole32.dll
0x00007fff76eb0000 - 0x00007fff76ecb000 	C:\WINDOWS\SYSTEM32\CRYPTSP.dll
0x00007fff76590000 - 0x00007fff765c9000 	C:\WINDOWS\system32\rsaenh.dll
0x00007fff76c80000 - 0x00007fff76cb3000 	C:\WINDOWS\SYSTEM32\USERENV.dll
0x00007fff777c0000 - 0x00007fff777ea000 	C:\WINDOWS\SYSTEM32\bcrypt.dll
0x00007fff76ed0000 - 0x00007fff76edc000 	C:\WINDOWS\SYSTEM32\CRYPTBASE.dll
0x00007fff76010000 - 0x00007fff76042000 	C:\WINDOWS\SYSTEM32\IPHLPAPI.DLL
0x00007fff7a570000 - 0x00007fff7a57a000 	C:\WINDOWS\System32\NSI.dll
0x00007fff3e6c0000 - 0x00007fff3e709000 	C:\Users\vania\AppData\Local\Temp\jna-111974267\jna16994015231898906854.dll
0x00007fff7a560000 - 0x00007fff7a568000 	C:\WINDOWS\System32\PSAPI.DLL
0x00007fff72390000 - 0x00007fff723ad000 	C:\WINDOWS\SYSTEM32\dhcpcsvc6.DLL
0x00007fff72330000 - 0x00007fff72355000 	C:\WINDOWS\SYSTEM32\dhcpcsvc.DLL

JVMTI agents:
c:\Users\vania\.vscode\extensions\redhat.java-1.54.0-win32-x64\lombok\lombok-1.18.39-4050.jar path:c:\Users\vania\.vscode\extensions\redhat.java-1.54.0-win32-x64\jre\21.0.10-win32-x86_64\bin\instrument.dll, loaded, initialized, instrumentlib options:none

dbghelp: loaded successfully - version: 4.0.5 - missing functions: none
symbol engine: initialized successfully - sym options: 0x614 - pdb path: .;c:\Users\vania\.vscode\extensions\redhat.java-1.54.0-win32-x64\jre\21.0.10-win32-x86_64\bin;C:\WINDOWS\SYSTEM32;C:\WINDOWS\WinSxS\amd64_microsoft.windows.common-controls_6595b64144ccf1df_6.0.26100.8457_none_3e0b2faee331e92d;c:\Users\vania\.vscode\extensions\redhat.java-1.54.0-win32-x64\jre\21.0.10-win32-x86_64\bin\server;C:\Users\vania\AppData\Roaming\Code\User\globalStorage\redhat.java\1.54.0\config_win\org.eclipse.equinox.launcher\org.eclipse.equinox.launcher.win32.win32.x86_64_1.3.0.v20260203-2149;C:\Users\vania\AppData\Local\Temp\jna-111974267

VM Arguments:
jvm_args: --add-modules=ALL-SYSTEM --add-opens=java.base/java.util=ALL-UNNAMED --add-opens=java.base/java.lang=ALL-UNNAMED --add-opens=java.base/sun.nio.fs=ALL-UNNAMED -Declipse.application=org.eclipse.jdt.ls.core.id1 -Dosgi.bundles.defaultStartLevel=4 -Declipse.product=org.eclipse.jdt.ls.core.product -Djava.import.generatesMetadataFilesAtProjectRoot=false -DDetectVMInstallationsJob.disabled=true -Dfile.encoding=utf8 -XX:+UseParallelGC -XX:GCTimeRatio=4 -XX:AdaptiveSizePolicyWeight=90 -Dsun.zip.disableMemoryMapping=true -Xmx2G -Xms100m -Xlog:disable -javaagent:c:\Users\vania\.vscode\extensions\redhat.java-1.54.0-win32-x64\lombok\lombok-1.18.39-4050.jar -XX:+HeapDumpOnOutOfMemoryError -XX:HeapDumpPath=c:\Users\vania\AppData\Roaming\Code\User\workspaceStorage\266229cd919dd3cd16b9eed83049e412\redhat.java -Daether.dependencyCollector.impl=bf 
java_command: c:\Users\vania\.vscode\extensions\redhat.java-1.54.0-win32-x64\server\plugins\org.eclipse.equinox.launcher_1.7.100.v20251111-0406.jar -configuration c:\Users\vania\AppData\Roaming\Code\User\globalStorage\redhat.java\1.54.0\config_win -data c:\Users\vania\AppData\Roaming\Code\User\workspaceStorage\266229cd919dd3cd16b9eed83049e412\redhat.java\jdt_ws --pipe=\\.\pipe\lsp-0ade8caa87a4c5bd7648fc0d670cb28e-sock
java_class_path (initial): c:\Users\vania\.vscode\extensions\redhat.java-1.54.0-win32-x64\server\plugins\org.eclipse.equinox.launcher_1.7.100.v20251111-0406.jar
Launcher Type: SUN_STANDARD

[Global flags]
    uintx AdaptiveSizePolicyWeight                 = 90                                        {product} {command line}
     intx CICompilerCount                          = 4                                         {product} {ergonomic}
    uintx GCTimeRatio                              = 4                                         {product} {command line}
     bool HeapDumpOnOutOfMemoryError               = true                                   {manageable} {command line}
    ccstr HeapDumpPath                             = c:\Users\vania\AppData\Roaming\Code\User\workspaceStorage\266229cd919dd3cd16b9eed83049e412\redhat.java         {manageable} {command line}
   size_t InitialHeapSize                          = 104857600                                 {product} {command line}
   size_t MaxHeapSize                              = 2147483648                                {product} {command line}
   size_t MaxNewSize                               = 715653120                                 {product} {ergonomic}
   size_t MinHeapDeltaBytes                        = 524288                                    {product} {ergonomic}
   size_t MinHeapSize                              = 104857600                                 {product} {command line}
   size_t NewSize                                  = 34603008                                  {product} {ergonomic}
    uintx NonNMethodCodeHeapSize                   = 5839372                                {pd product} {ergonomic}
    uintx NonProfiledCodeHeapSize                  = 122909434                              {pd product} {ergonomic}
   size_t OldSize                                  = 70254592                                  {product} {ergonomic}
    uintx ProfiledCodeHeapSize                     = 122909434                              {pd product} {ergonomic}
    uintx ReservedCodeCacheSize                    = 251658240                              {pd product} {ergonomic}
     bool SegmentedCodeCache                       = true                                      {product} {ergonomic}
   size_t SoftMaxHeapSize                          = 2147483648                             {manageable} {ergonomic}
     bool UseCompressedOops                        = true                           {product lp64_product} {ergonomic}
     bool UseLargePagesIndividualAllocation        = false                                  {pd product} {ergonomic}
     bool UseParallelGC                            = true                                      {product} {command line}

Logging:
Log output configuration:
 #0: stdout all=off uptime,level,tags foldmultilines=false
 #1: stderr all=off uptime,level,tags foldmultilines=false

Release file:
JAVA_VERSION="21.0.10" 
MODULES="java.base java.compiler java.datatransfer java.xml java.prefs java.desktop java.instrument java.logging java.management java.security.sasl java.naming java.rmi java.management.rmi java.net.http java.scripting java.security.jgss java.transaction.xa java.sql java.sql.rowset java.xml.crypto java.se java.smartcardio jdk.accessibility jdk.internal.jvmstat jdk.attach jdk.charsets jdk.internal.opt jdk.zipfs jdk.compiler jdk.crypto.ec jdk.crypto.cryptoki jdk.crypto.mscapi jdk.dynalink jdk.internal.ed jdk.editpad jdk.hotspot.agent jdk.httpserver jdk.internal.le jdk.internal.vm.ci jdk.internal.vm.compiler jdk.internal.vm.compiler.management jdk.jartool jdk.javadoc jdk.jcmd jdk.management jdk.management.agent jdk.jconsole jdk.jdeps jdk.jdwp.agent jdk.jdi jdk.jfr jdk.jshell jdk.jsobject jdk.jstatd jdk.localedata jdk.management.jfr jdk.naming.dns jdk.naming.rmi jdk.net jdk.nio.mapmode jdk.random jdk.sctp jdk.security.auth jdk.security.jgss jdk.unsupported jdk.unsupported.desktop jdk.xml.dom" 

Environment Variables:
JAVA_HOME=C:\Program Files\Java\jdk-21
PATH=C:\Program Files\Common Files\Oracle\Java\javapath;C:\Program Files (x86)\Common Files\Oracle\Java\java8path;C:\Program Files (x86)\Common Files\Oracle\Java\javapath;C:\Windows\system32;C:\Windows;C:\Windows\System32\Wbem;C:\Windows\System32\WindowsPowerShell\v1.0\;C:\Windows\System32\OpenSSH\;C:\Program Files (x86)\NVIDIA Corporation\PhysX\Common;C:\MinGW\bin;C:\Program Files\Microsoft SQL Server\150\Tools\Binn\;C:\Program Files\NVIDIA Corporation\NVIDIA app\NvDLISR;C:\WINDOWS\system32;C:\WINDOWS;C:\WINDOWS\System32\Wbem;C:\WINDOWS\System32\WindowsPowerShell\v1.0\;C:\WINDOWS\System32\OpenSSH\;C:\Program Files\dotnet\;C:\Program Files (x86)\Windows Kits\10\Windows Performance Toolkit\;C:\Program Files\Git\cmd;C:\Program Files\Docker\Docker\resources\bin;C:\Program Files\nodejs\;C:\Users\vania\AppData\Local\Programs\Python\Launcher\;C:\Users\vania\AppData\Local\Microsoft\WindowsApps;C:\MinGW;C:\Users\vania\.dotnet\tools;C:\Users\vania\AppData\Local\Programs\Microsoft VS Code\bin;C:\Users\vania\AppData\Roaming\npm
USERNAME=vania
OS=Windows_NT
PROCESSOR_IDENTIFIER=AMD64 Family 25 Model 80 Stepping 0, AuthenticAMD
TMP=C:\Users\vania\AppData\Local\Temp
TEMP=C:\Users\vania\AppData\Local\Temp




Periodic native trim disabled

---------------  S Y S T E M  ---------------

OS:
 Windows 11 , 64 bit Build 26100 (10.0.26100.8328)
OS uptime: 0 days 8:37 hours
Hyper-V role detected

CPU: total 12 (initial active 12) (12 cores per cpu, 2 threads per core) family 25 model 80 stepping 0 microcode 0xa50000d, cx8, cmov, fxsr, ht, mmx, 3dnowpref, sse, sse2, sse3, ssse3, sse4a, sse4.1, sse4.2, popcnt, lzcnt, tsc, tscinvbit, avx, avx2, aes, erms, clmul, bmi1, bmi2, adx, sha, fma, vzeroupper, clflush, clflushopt, hv, rdtscp, rdpid, fsrm, f16c, cet_ss
Processor Information for the first 12 processors :
  Max Mhz: 3301, Current Mhz: 3301, Mhz Limit: 3301

Memory: 4k page, system-wide physical 7532M (1202M free)
TotalPageFile size 19820M (AvailPageFile size 492M)
current process WorkingSet (physical memory assigned to process): 64M, peak: 659M
current process commit charge ("private bytes"): 809M, peak: 815M

vm_info: OpenJDK 64-Bit Server VM (21.0.10+7-LTS) for windows-amd64 JRE (21.0.10+7-LTS), built on 2026-01-20T00:00:00Z by "admin" with MS VC++ 17.12 (VS2022)

END.
